---
source: index-scheduler/src/lib.rs
---
### Autobatching Enabled = true
### Processing Tasks:
[]
----------------------------------------------------------------------
### All Tasks:
0 {uid: 0, status: enqueued, details: { primary_key: Some("bone") }, kind: IndexCreation { index_uid: "doggo", primary_key: Some("bone") }}
1 {uid: 1, status: enqueued, details: { primary_key: Some("plankton") }, kind: IndexCreation { index_uid: "whalo", primary_key: Some("plankton") }}
----------------------------------------------------------------------
### Status:
enqueued [0,1,]
----------------------------------------------------------------------
### Kind:
"indexCreation" [0,1,]
----------------------------------------------------------------------
### Index Tasks:
doggo [0,]
whalo [1,]
----------------------------------------------------------------------
### Index Mapper:
[]
----------------------------------------------------------------------
### Canceled By:

----------------------------------------------------------------------
### Enqueued At:
[timestamp] [0,]
[timestamp] [1,]
----------------------------------------------------------------------
### Started At:
----------------------------------------------------------------------
### Finished At:
----------------------------------------------------------------------
### File Store:

----------------------------------------------------------------------

