---
source: index-scheduler/src/lib.rs
---
### Autobatching Enabled = true
### Processing Tasks:
[0,]
----------------------------------------------------------------------
### All Tasks:
0 {uid: 0, status: enqueued, details: { primary_key: Some("id") }, kind: IndexCreation { index_uid: "index_a", primary_key: Some("id") }}
1 {uid: 1, status: enqueued, details: { primary_key: Some("id") }, kind: IndexCreation { index_uid: "index_b", primary_key: Some("id") }}
----------------------------------------------------------------------
### Status:
enqueued [0,1,]
----------------------------------------------------------------------
### Kind:
"indexCreation" [0,1,]
----------------------------------------------------------------------
### Index Tasks:
index_a [0,]
index_b [1,]
----------------------------------------------------------------------
### Index Mapper:
[]
----------------------------------------------------------------------
### Canceled By:

----------------------------------------------------------------------
### Enqueued At:
[timestamp] [0,]
[timestamp] [1,]
----------------------------------------------------------------------
### Started At:
----------------------------------------------------------------------
### Finished At:
----------------------------------------------------------------------
### File Store:

----------------------------------------------------------------------

